// Jest Snapshot v1, https://goo.gl/fbAQLP

exports[`Button with default placeholder 1`] = `
<button
  className="base primary middle"
>
  Button Test
</button>
`;
